Archive member included to satisfy reference by file (symbol)

c:/program files (x86)/atmel/studio/7.0/toolchain/avr8/avr8-gnu-toolchain/bin/../lib/gcc/avr/5.4.0/../../../../avr/lib/avr5\libm.a(addsf3.o)
                              MCAL/I2C.o (__subsf3)
c:/program files (x86)/atmel/studio/7.0/toolchain/avr8/avr8-gnu-toolchain/bin/../lib/gcc/avr/5.4.0/../../../../avr/lib/avr5\libm.a(addsf3x.o)
                              c:/program files (x86)/atmel/studio/7.0/toolchain/avr8/avr8-gnu-toolchain/bin/../lib/gcc/avr/5.4.0/../../../../avr/lib/avr5\libm.a(addsf3.o) (__addsf3x)
c:/program files (x86)/atmel/studio/7.0/toolchain/avr8/avr8-gnu-toolchain/bin/../lib/gcc/avr/5.4.0/../../../../avr/lib/avr5\libm.a(divsf3.o)
                              ECUAL/LM35.o (__divsf3)
c:/program files (x86)/atmel/studio/7.0/toolchain/avr8/avr8-gnu-toolchain/bin/../lib/gcc/avr/5.4.0/../../../../avr/lib/avr5\libm.a(divsf3x.o)
                              c:/program files (x86)/atmel/studio/7.0/toolchain/avr8/avr8-gnu-toolchain/bin/../lib/gcc/avr/5.4.0/../../../../avr/lib/avr5\libm.a(divsf3.o) (__divsf3x)
c:/program files (x86)/atmel/studio/7.0/toolchain/avr8/avr8-gnu-toolchain/bin/../lib/gcc/avr/5.4.0/../../../../avr/lib/avr5\libm.a(fixunssfsi.o)
                              ECUAL/LM35.o (__fixunssfsi)
c:/program files (x86)/atmel/studio/7.0/toolchain/avr8/avr8-gnu-toolchain/bin/../lib/gcc/avr/5.4.0/../../../../avr/lib/avr5\libm.a(floatsisf.o)
                              ECUAL/LM35.o (__floatunsisf)
c:/program files (x86)/atmel/studio/7.0/toolchain/avr8/avr8-gnu-toolchain/bin/../lib/gcc/avr/5.4.0/../../../../avr/lib/avr5\libm.a(fp_inf.o)
                              c:/program files (x86)/atmel/studio/7.0/toolchain/avr8/avr8-gnu-toolchain/bin/../lib/gcc/avr/5.4.0/../../../../avr/lib/avr5\libm.a(addsf3x.o) (__fp_inf)
c:/program files (x86)/atmel/studio/7.0/toolchain/avr8/avr8-gnu-toolchain/bin/../lib/gcc/avr/5.4.0/../../../../avr/lib/avr5\libm.a(fp_nan.o)
                              c:/program files (x86)/atmel/studio/7.0/toolchain/avr8/avr8-gnu-toolchain/bin/../lib/gcc/avr/5.4.0/../../../../avr/lib/avr5\libm.a(addsf3x.o) (__fp_nan)
c:/program files (x86)/atmel/studio/7.0/toolchain/avr8/avr8-gnu-toolchain/bin/../lib/gcc/avr/5.4.0/../../../../avr/lib/avr5\libm.a(fp_pscA.o)
                              c:/program files (x86)/atmel/studio/7.0/toolchain/avr8/avr8-gnu-toolchain/bin/../lib/gcc/avr/5.4.0/../../../../avr/lib/avr5\libm.a(addsf3x.o) (__fp_pscA)
c:/program files (x86)/atmel/studio/7.0/toolchain/avr8/avr8-gnu-toolchain/bin/../lib/gcc/avr/5.4.0/../../../../avr/lib/avr5\libm.a(fp_pscB.o)
                              c:/program files (x86)/atmel/studio/7.0/toolchain/avr8/avr8-gnu-toolchain/bin/../lib/gcc/avr/5.4.0/../../../../avr/lib/avr5\libm.a(addsf3x.o) (__fp_pscB)
c:/program files (x86)/atmel/studio/7.0/toolchain/avr8/avr8-gnu-toolchain/bin/../lib/gcc/avr/5.4.0/../../../../avr/lib/avr5\libm.a(fp_round.o)
                              c:/program files (x86)/atmel/studio/7.0/toolchain/avr8/avr8-gnu-toolchain/bin/../lib/gcc/avr/5.4.0/../../../../avr/lib/avr5\libm.a(addsf3.o) (__fp_round)
c:/program files (x86)/atmel/studio/7.0/toolchain/avr8/avr8-gnu-toolchain/bin/../lib/gcc/avr/5.4.0/../../../../avr/lib/avr5\libm.a(fp_split3.o)
                              c:/program files (x86)/atmel/studio/7.0/toolchain/avr8/avr8-gnu-toolchain/bin/../lib/gcc/avr/5.4.0/../../../../avr/lib/avr5\libm.a(addsf3x.o) (__fp_split3)
c:/program files (x86)/atmel/studio/7.0/toolchain/avr8/avr8-gnu-toolchain/bin/../lib/gcc/avr/5.4.0/../../../../avr/lib/avr5\libm.a(fp_zero.o)
                              c:/program files (x86)/atmel/studio/7.0/toolchain/avr8/avr8-gnu-toolchain/bin/../lib/gcc/avr/5.4.0/../../../../avr/lib/avr5\libm.a(addsf3x.o) (__fp_zero)
c:/program files (x86)/atmel/studio/7.0/toolchain/avr8/avr8-gnu-toolchain/bin/../lib/gcc/avr/5.4.0/../../../../avr/lib/avr5\libm.a(mulsf3.o)
                              ECUAL/LM35.o (__mulsf3)
c:/program files (x86)/atmel/studio/7.0/toolchain/avr8/avr8-gnu-toolchain/bin/../lib/gcc/avr/5.4.0/../../../../avr/lib/avr5\libm.a(mulsf3x.o)
                              c:/program files (x86)/atmel/studio/7.0/toolchain/avr8/avr8-gnu-toolchain/bin/../lib/gcc/avr/5.4.0/../../../../avr/lib/avr5\libm.a(mulsf3.o) (__mulsf3x)
c:/program files (x86)/atmel/studio/7.0/toolchain/avr8/avr8-gnu-toolchain/bin/../lib/gcc/avr/5.4.0/avr5\libgcc.a(_udivmodsi4.o)
                              ECUAL/ULTRA_SONIC.o (__udivmodsi4)
c:/program files (x86)/atmel/studio/7.0/toolchain/avr8/avr8-gnu-toolchain/bin/../lib/gcc/avr/5.4.0/avr5\libgcc.a(_exit.o)
                              C:/Program Files (x86)/Atmel/Studio/7.0/Packs/atmel/ATmega_DFP/1.6.364/gcc/dev/atmega32/avr5/crtatmega32.o (exit)
c:/program files (x86)/atmel/studio/7.0/toolchain/avr8/avr8-gnu-toolchain/bin/../lib/gcc/avr/5.4.0/avr5\libgcc.a(_copy_data.o)
                              APP/main.o (__do_copy_data)
c:/program files (x86)/atmel/studio/7.0/toolchain/avr8/avr8-gnu-toolchain/bin/../lib/gcc/avr/5.4.0/avr5\libgcc.a(_clear_bss.o)
                              APP/main.o (__do_clear_bss)
c:/program files (x86)/atmel/studio/7.0/toolchain/avr8/avr8-gnu-toolchain/bin/../lib/gcc/avr/5.4.0/avr5\libgcc.a(_muluhisi3.o)
                              ECUAL/ULTRA_SONIC.o (__muluhisi3)
c:/program files (x86)/atmel/studio/7.0/toolchain/avr8/avr8-gnu-toolchain/bin/../lib/gcc/avr/5.4.0/avr5\libgcc.a(_umulhisi3.o)
                              c:/program files (x86)/atmel/studio/7.0/toolchain/avr8/avr8-gnu-toolchain/bin/../lib/gcc/avr/5.4.0/avr5\libgcc.a(_muluhisi3.o) (__umulhisi3)
c:/program files (x86)/atmel/studio/7.0/toolchain/avr8/avr8-gnu-toolchain/bin/../lib/gcc/avr/5.4.0/../../../../avr/lib/avr5\libc.a(ltoa.o)
                              ECUAL/LCD.o (ltoa)
c:/program files (x86)/atmel/studio/7.0/toolchain/avr8/avr8-gnu-toolchain/bin/../lib/gcc/avr/5.4.0/../../../../avr/lib/avr5\libc.a(ltoa_ncheck.o)
                              c:/program files (x86)/atmel/studio/7.0/toolchain/avr8/avr8-gnu-toolchain/bin/../lib/gcc/avr/5.4.0/../../../../avr/lib/avr5\libc.a(ltoa.o) (__ltoa_ncheck)
c:/program files (x86)/atmel/studio/7.0/toolchain/avr8/avr8-gnu-toolchain/bin/../lib/gcc/avr/5.4.0/../../../../avr/lib/avr5\libc.a(ultoa_ncheck.o)
                              c:/program files (x86)/atmel/studio/7.0/toolchain/avr8/avr8-gnu-toolchain/bin/../lib/gcc/avr/5.4.0/../../../../avr/lib/avr5\libc.a(ltoa_ncheck.o) (__ultoa_common)
c:/program files (x86)/atmel/studio/7.0/toolchain/avr8/avr8-gnu-toolchain/bin/../lib/gcc/avr/5.4.0/../../../../avr/lib/avr5\libc.a(strrev.o)
                              c:/program files (x86)/atmel/studio/7.0/toolchain/avr8/avr8-gnu-toolchain/bin/../lib/gcc/avr/5.4.0/../../../../avr/lib/avr5\libc.a(ultoa_ncheck.o) (strrev)

Allocating common symbols
Common symbol       size              file

INT0_ptr            0x2               APP/main.o
INT2_ptr            0x2               APP/main.o
UART_Buffer         0x2               MCAL/UART_CONFIG.o
end                 0x4               ECUAL/ULTRA_SONIC.o
ultra_flag          0x4               ECUAL/ULTRA_SONIC.o
data                0x64              MCAL/UART.o
INT1_ptr            0x2               APP/main.o
ovf                 0x4               ECUAL/ULTRA_SONIC.o
start               0x4               ECUAL/ULTRA_SONIC.o
ret                 0x4               ECUAL/ULTRA_SONIC.o

Discarded input sections

 .data          0x00000000        0x0 C:/Program Files (x86)/Atmel/Studio/7.0/Packs/atmel/ATmega_DFP/1.6.364/gcc/dev/atmega32/avr5/crtatmega32.o
 .bss           0x00000000        0x0 C:/Program Files (x86)/Atmel/Studio/7.0/Packs/atmel/ATmega_DFP/1.6.364/gcc/dev/atmega32/avr5/crtatmega32.o
 .text          0x00000000        0x0 APP/main.o
 .data          0x00000000        0x0 APP/main.o
 .bss           0x00000000        0x0 APP/main.o
 COMMON         0x00000000        0x6 APP/main.o
 .text          0x00000000        0x0 ECUAL/DS1307.o
 .data          0x00000000        0x0 ECUAL/DS1307.o
 .bss           0x00000000        0x0 ECUAL/DS1307.o
 .text.RTCS_INIT
                0x00000000       0x3c ECUAL/DS1307.o
 .text.RTCS_SET_DATE
                0x00000000       0x9a ECUAL/DS1307.o
 .text.RTCS_READ_DATE
                0x00000000       0x80 ECUAL/DS1307.o
 .text.RTCS_PRINT_TIME
                0x00000000       0x72 ECUAL/DS1307.o
 .text.RTCS_PRINT_DATE
                0x00000000       0x72 ECUAL/DS1307.o
 .debug_info    0x00000000      0x4c7 ECUAL/DS1307.o
 .debug_abbrev  0x00000000      0x114 ECUAL/DS1307.o
 .debug_loc     0x00000000      0x194 ECUAL/DS1307.o
 .debug_aranges
                0x00000000       0x40 ECUAL/DS1307.o
 .debug_ranges  0x00000000       0x30 ECUAL/DS1307.o
 .debug_line    0x00000000      0x2b8 ECUAL/DS1307.o
 .debug_str     0x00000000      0x326 ECUAL/DS1307.o
 .comment       0x00000000       0x31 ECUAL/DS1307.o
 .debug_frame   0x00000000       0x94 ECUAL/DS1307.o
 .text          0x00000000        0x0 ECUAL/24LC256.o
 .data          0x00000000        0x0 ECUAL/24LC256.o
 .bss           0x00000000        0x0 ECUAL/24LC256.o
 .text.external_EEPROM_WRITE
                0x00000000       0x5c ECUAL/24LC256.o
 .text.external_EEPROM_READ
                0x00000000       0x76 ECUAL/24LC256.o
 .debug_info    0x00000000      0x2b1 ECUAL/24LC256.o
 .debug_abbrev  0x00000000       0xfc ECUAL/24LC256.o
 .debug_loc     0x00000000      0x10d ECUAL/24LC256.o
 .debug_aranges
                0x00000000       0x28 ECUAL/24LC256.o
 .debug_ranges  0x00000000       0x18 ECUAL/24LC256.o
 .debug_line    0x00000000      0x166 ECUAL/24LC256.o
 .debug_str     0x00000000      0x2e5 ECUAL/24LC256.o
 .comment       0x00000000       0x31 ECUAL/24LC256.o
 .debug_frame   0x00000000       0x50 ECUAL/24LC256.o
 .text          0x00000000        0x0 ECUAL/KEYPAD.o
 .data          0x00000000        0x0 ECUAL/KEYPAD.o
 .bss           0x00000000        0x0 ECUAL/KEYPAD.o
 .text.keyPad_init
                0x00000000        0xa ECUAL/KEYPAD.o
 .text.checkButton
                0x00000000       0x28 ECUAL/KEYPAD.o
 .text.getKeyPad_value
                0x00000000       0xa2 ECUAL/KEYPAD.o
 .data.keyPad_value
                0x00000000       0x10 ECUAL/KEYPAD.o
 .debug_info    0x00000000      0x2a7 ECUAL/KEYPAD.o
 .debug_abbrev  0x00000000      0x147 ECUAL/KEYPAD.o
 .debug_loc     0x00000000       0x55 ECUAL/KEYPAD.o
 .debug_aranges
                0x00000000       0x30 ECUAL/KEYPAD.o
 .debug_ranges  0x00000000       0x20 ECUAL/KEYPAD.o
 .debug_line    0x00000000      0x166 ECUAL/KEYPAD.o
 .debug_str     0x00000000      0x21b ECUAL/KEYPAD.o
 .comment       0x00000000       0x31 ECUAL/KEYPAD.o
 .debug_frame   0x00000000       0x44 ECUAL/KEYPAD.o
 .text          0x00000000        0x0 ECUAL/LCD.o
 .data          0x00000000        0x0 ECUAL/LCD.o
 .bss           0x00000000        0x0 ECUAL/LCD.o
 .text.LCD_GOTO
                0x00000000        0xa ECUAL/LCD.o
 .text.LCD_DRAW_CHAR
                0x00000000       0x4e ECUAL/LCD.o
 .bss.idx.2258  0x00000000        0x1 ECUAL/LCD.o
 .text          0x00000000        0x0 ECUAL/LCD_I2C.o
 .data          0x00000000        0x0 ECUAL/LCD_I2C.o
 .bss           0x00000000        0x0 ECUAL/LCD_I2C.o
 .text.I2C_LCD_READ
                0x00000000       0x32 ECUAL/LCD_I2C.o
 .text.I2C_LCD_SEND_INSTRUCTION
                0x00000000       0x98 ECUAL/LCD_I2C.o
 .text.I2C_LCD_INIT
                0x00000000       0x28 ECUAL/LCD_I2C.o
 .text.I2C_LCD_SEND_DATA
                0x00000000       0x98 ECUAL/LCD_I2C.o
 .text.I2C_LCD_SEND_STRING
                0x00000000       0x2e ECUAL/LCD_I2C.o
 .debug_info    0x00000000      0x412 ECUAL/LCD_I2C.o
 .debug_abbrev  0x00000000      0x16b ECUAL/LCD_I2C.o
 .debug_loc     0x00000000      0x277 ECUAL/LCD_I2C.o
 .debug_aranges
                0x00000000       0x40 ECUAL/LCD_I2C.o
 .debug_ranges  0x00000000       0x30 ECUAL/LCD_I2C.o
 .debug_line    0x00000000      0x305 ECUAL/LCD_I2C.o
 .debug_str     0x00000000      0x343 ECUAL/LCD_I2C.o
 .comment       0x00000000       0x31 ECUAL/LCD_I2C.o
 .debug_frame   0x00000000       0x98 ECUAL/LCD_I2C.o
 .text          0x00000000        0x0 ECUAL/LM35.o
 .data          0x00000000        0x0 ECUAL/LM35.o
 .bss           0x00000000        0x0 ECUAL/LM35.o
 .text          0x00000000        0x0 ECUAL/SERVO.o
 .data          0x00000000        0x0 ECUAL/SERVO.o
 .bss           0x00000000        0x0 ECUAL/SERVO.o
 .text.SERVO_START
                0x00000000       0x22 ECUAL/SERVO.o
 .debug_info    0x00000000      0x365 ECUAL/SERVO.o
 .debug_abbrev  0x00000000      0x125 ECUAL/SERVO.o
 .debug_loc     0x00000000       0x6e ECUAL/SERVO.o
 .debug_aranges
                0x00000000       0x20 ECUAL/SERVO.o
 .debug_ranges  0x00000000       0x10 ECUAL/SERVO.o
 .debug_line    0x00000000       0x96 ECUAL/SERVO.o
 .debug_str     0x00000000      0x4e9 ECUAL/SERVO.o
 .comment       0x00000000       0x31 ECUAL/SERVO.o
 .debug_frame   0x00000000       0x2c ECUAL/SERVO.o
 .text          0x00000000        0x0 ECUAL/SEVEN_SEG.o
 .data          0x00000000        0x0 ECUAL/SEVEN_SEG.o
 .bss           0x00000000        0x0 ECUAL/SEVEN_SEG.o
 .text.SEVEN_SEGMENT_init
                0x00000000        0x6 ECUAL/SEVEN_SEG.o
 .text.SEVEN_DATA
                0x00000000       0x20 ECUAL/SEVEN_SEG.o
 .bss.idx.2243  0x00000000        0x1 ECUAL/SEVEN_SEG.o
 .data.seven_display
                0x00000000        0xa ECUAL/SEVEN_SEG.o
 .debug_info    0x00000000      0x281 ECUAL/SEVEN_SEG.o
 .debug_abbrev  0x00000000      0x12b ECUAL/SEVEN_SEG.o
 .debug_aranges
                0x00000000       0x28 ECUAL/SEVEN_SEG.o
 .debug_ranges  0x00000000       0x18 ECUAL/SEVEN_SEG.o
 .debug_line    0x00000000       0xa0 ECUAL/SEVEN_SEG.o
 .debug_str     0x00000000      0x23e ECUAL/SEVEN_SEG.o
 .comment       0x00000000       0x31 ECUAL/SEVEN_SEG.o
 .debug_frame   0x00000000       0x34 ECUAL/SEVEN_SEG.o
 .text          0x00000000        0x0 ECUAL/ULTRA_SONIC.o
 .data          0x00000000        0x0 ECUAL/ULTRA_SONIC.o
 .bss           0x00000000        0x0 ECUAL/ULTRA_SONIC.o
 .text.START_ULTRA
                0x00000000      0x10a ECUAL/ULTRA_SONIC.o
 .text          0x00000000        0x0 ECUAL/WIFI_MODEULE.o
 .data          0x00000000        0x0 ECUAL/WIFI_MODEULE.o
 .bss           0x00000000        0x0 ECUAL/WIFI_MODEULE.o
 .data.wifi_update
                0x00000000       0x64 ECUAL/WIFI_MODEULE.o
 .data.wifi_send_length
                0x00000000       0x64 ECUAL/WIFI_MODEULE.o
 .data.wifi_Open_Socket
                0x00000000       0x64 ECUAL/WIFI_MODEULE.o
 .data.wifi_Connect_Network
                0x00000000       0x64 ECUAL/WIFI_MODEULE.o
 .data.wifi_Transmission_Mode
                0x00000000       0x64 ECUAL/WIFI_MODEULE.o
 .data.wifi_Mode_client_server
                0x00000000       0x64 ECUAL/WIFI_MODEULE.o
 .data.wifi_Mode_server
                0x00000000       0x64 ECUAL/WIFI_MODEULE.o
 .data.wifi_Mode_client
                0x00000000       0x64 ECUAL/WIFI_MODEULE.o
 .data.wifi_Networks_List
                0x00000000       0x64 ECUAL/WIFI_MODEULE.o
 .data.wifi_Disable_Echo
                0x00000000       0x64 ECUAL/WIFI_MODEULE.o
 .data.wifi_Enable_Echo
                0x00000000       0x64 ECUAL/WIFI_MODEULE.o
 .data.wifi_information
                0x00000000       0x64 ECUAL/WIFI_MODEULE.o
 .data.wifi_Rst
                0x00000000       0x64 ECUAL/WIFI_MODEULE.o
 .data.wifi_Test
                0x00000000       0x64 ECUAL/WIFI_MODEULE.o
 .debug_info    0x00000000      0x1d5 ECUAL/WIFI_MODEULE.o
 .debug_abbrev  0x00000000       0x66 ECUAL/WIFI_MODEULE.o
 .debug_aranges
                0x00000000       0x18 ECUAL/WIFI_MODEULE.o
 .debug_line    0x00000000       0x66 ECUAL/WIFI_MODEULE.o
 .debug_str     0x00000000      0x2b6 ECUAL/WIFI_MODEULE.o
 .comment       0x00000000       0x31 ECUAL/WIFI_MODEULE.o
 .text          0x00000000        0x0 MCAL/ADC.o
 .data          0x00000000        0x0 MCAL/ADC.o
 .bss           0x00000000        0x0 MCAL/ADC.o
 .text.ADC_init
                0x00000000       0x42 MCAL/ADC.o
 .text.ADC_StartConversion
                0x00000000       0x6e MCAL/ADC.o
 .text.ADC_Vout
                0x00000000       0x12 MCAL/ADC.o
 .text          0x00000000        0x0 MCAL/EEPROM.o
 .data          0x00000000        0x0 MCAL/EEPROM.o
 .bss           0x00000000        0x0 MCAL/EEPROM.o
 .text.EEPORM_WRITE
                0x00000000       0x18 MCAL/EEPROM.o
 .text.EEPROM_READ
                0x00000000       0x12 MCAL/EEPROM.o
 .debug_info    0x00000000      0x168 MCAL/EEPROM.o
 .debug_abbrev  0x00000000       0xc6 MCAL/EEPROM.o
 .debug_loc     0x00000000       0x4e MCAL/EEPROM.o
 .debug_aranges
                0x00000000       0x28 MCAL/EEPROM.o
 .debug_ranges  0x00000000       0x18 MCAL/EEPROM.o
 .debug_line    0x00000000       0xb9 MCAL/EEPROM.o
 .debug_str     0x00000000      0x1de MCAL/EEPROM.o
 .comment       0x00000000       0x31 MCAL/EEPROM.o
 .debug_frame   0x00000000       0x34 MCAL/EEPROM.o
 .text          0x00000000        0x0 MCAL/GPIO.o
 .data          0x00000000        0x0 MCAL/GPIO.o
 .bss           0x00000000        0x0 MCAL/GPIO.o
 .text.DIR      0x00000000       0x64 MCAL/GPIO.o
 .text.OUT      0x00000000       0x3c MCAL/GPIO.o
 .text.IN       0x00000000       0x14 MCAL/GPIO.o
 .debug_info    0x00000000      0x313 MCAL/GPIO.o
 .debug_abbrev  0x00000000      0x130 MCAL/GPIO.o
 .debug_loc     0x00000000       0xca MCAL/GPIO.o
 .debug_aranges
                0x00000000       0x30 MCAL/GPIO.o
 .debug_ranges  0x00000000       0x20 MCAL/GPIO.o
 .debug_line    0x00000000       0xd7 MCAL/GPIO.o
 .debug_str     0x00000000      0x212 MCAL/GPIO.o
 .comment       0x00000000       0x31 MCAL/GPIO.o
 .debug_frame   0x00000000       0x44 MCAL/GPIO.o
 .text          0x00000000        0x0 MCAL/I2C.o
 .data          0x00000000        0x0 MCAL/I2C.o
 .bss           0x00000000        0x0 MCAL/I2C.o
 .text.I2C_INIT
                0x00000000      0x11a MCAL/I2C.o
 .text.I2C_START
                0x00000000       0x1a MCAL/I2C.o
 .text.I2C_READ_ACK
                0x00000000       0x1c MCAL/I2C.o
 .text.I2C_READ_NOACK
                0x00000000       0x16 MCAL/I2C.o
 .text.I2C_get_status
                0x00000000        0x6 MCAL/I2C.o
 .text.I2C_WRITE_BYTE
                0x00000000       0x5c MCAL/I2C.o
 .text          0x00000000        0x0 MCAL/INTERRUPT.o
 .data          0x00000000        0x0 MCAL/INTERRUPT.o
 .bss           0x00000000        0x0 MCAL/INTERRUPT.o
 .text.ENABLEINT
                0x00000000       0x3e MCAL/INTERRUPT.o
 .text.DISABLEINT
                0x00000000        0xa MCAL/INTERRUPT.o
 .text.SETCALLBACKINT
                0x00000000       0x2c MCAL/INTERRUPT.o
 .text          0x00000000        0x0 MCAL/SPI.o
 .data          0x00000000        0x0 MCAL/SPI.o
 .bss           0x00000000        0x0 MCAL/SPI.o
 .text.SPI_INIT
                0x00000000       0x70 MCAL/SPI.o
 .text.SPI_CLOCK_INIT
                0x00000000       0x1a MCAL/SPI.o
 .text.SPI_SEND
                0x00000000       0x1a MCAL/SPI.o
 .text.SPI_RECEIVE
                0x00000000        0x8 MCAL/SPI.o
 .text.SPI_ENABLE_INT
                0x00000000        0x8 MCAL/SPI.o
 .text.SPI_DISABLE_INT
                0x00000000        0x8 MCAL/SPI.o
 .text          0x00000000        0x0 MCAL/Timer.o
 .data          0x00000000        0x0 MCAL/Timer.o
 .bss           0x00000000        0x0 MCAL/Timer.o
 .text.INIT_TIMER0
                0x00000000       0x32 MCAL/Timer.o
 .text.INIT_TIMER1
                0x00000000       0x5c MCAL/Timer.o
 .text.ENABLE_TIMER1_INT
                0x00000000       0x36 MCAL/Timer.o
 .text.DISABLE_TIMER1_INT
                0x00000000       0x36 MCAL/Timer.o
 .text.ENABLE_TIMER0
                0x00000000        0xe MCAL/Timer.o
 .text.STOP_TIMER0
                0x00000000        0x8 MCAL/Timer.o
 .text.ENABLE_TIMER1
                0x00000000        0xe MCAL/Timer.o
 .text.STOP_TIMER1
                0x00000000        0x8 MCAL/Timer.o
 .bss.mili      0x00000000        0x1 MCAL/Timer.o
 .bss.temp      0x00000000        0x1 MCAL/Timer.o
 .text          0x00000000        0x0 MCAL/UART.o
 .data          0x00000000        0x0 MCAL/UART.o
 .bss           0x00000000        0x0 MCAL/UART.o
 .text.UART_INTERRUPT_ENABLE
                0x00000000       0x24 MCAL/UART.o
 .text.UART_INTERRUPT_DISABLE
                0x00000000       0x24 MCAL/UART.o
 .text.UART_DISABLE
                0x00000000       0x20 MCAL/UART.o
 .text.UART_RECEIVE
                0x00000000       0x22 MCAL/UART.o
 .text.UART_RECEIVE_NO_BLOCK
                0x00000000       0x2e MCAL/UART.o
 .text          0x00000000        0x0 MCAL/UART_CONFIG.o
 .data          0x00000000        0x0 MCAL/UART_CONFIG.o
 .bss           0x00000000        0x0 MCAL/UART_CONFIG.o
 .text.TX_FUN   0x00000000       0x32 MCAL/UART_CONFIG.o
 .text.UART_TRANSMIT_FRAME
                0x00000000       0x6e MCAL/UART_CONFIG.o
 .rodata.str1.1
                0x00000000        0x1 MCAL/UART_CONFIG.o
 .text.UART_RECEIVE_STRING
                0x00000000       0x42 MCAL/UART_CONFIG.o
 .text.UART_RECEIVE_WIFI
                0x00000000       0x7c MCAL/UART_CONFIG.o
 .text.UART_RECEIVE_FRAME
                0x00000000       0xc2 MCAL/UART_CONFIG.o
 .text.UART_Frame_Cut
                0x00000000       0xe6 MCAL/UART_CONFIG.o
 .text.setCallBack_TX_INT
                0x00000000        0xa MCAL/UART_CONFIG.o
 .text.UART_TRANSMIT_STRING_ASYNCH
                0x00000000       0x1e MCAL/UART_CONFIG.o
 .text.setCallBack_RX_INT
                0x00000000        0xa MCAL/UART_CONFIG.o
 .data.idx.2310
                0x00000000        0x1 MCAL/UART_CONFIG.o
 .bss.RX_INT_FUN
                0x00000000        0x2 MCAL/UART_CONFIG.o
 .bss.TX_INT_FUN
                0x00000000        0x2 MCAL/UART_CONFIG.o
 COMMON         0x00000000        0x2 MCAL/UART_CONFIG.o
 .text          0x00000000        0x0 MCAL/WatchDog.o
 .data          0x00000000        0x0 MCAL/WatchDog.o
 .bss           0x00000000        0x0 MCAL/WatchDog.o
 .text.WDT_ENABLE
                0x00000000       0x14 MCAL/WatchDog.o
 .text.WDT_DISABLE
                0x00000000       0x1c MCAL/WatchDog.o
 .debug_info    0x00000000      0x20b MCAL/WatchDog.o
 .debug_abbrev  0x00000000      0x122 MCAL/WatchDog.o
 .debug_loc     0x00000000       0x66 MCAL/WatchDog.o
 .debug_aranges
                0x00000000       0x28 MCAL/WatchDog.o
 .debug_ranges  0x00000000       0x18 MCAL/WatchDog.o
 .debug_line    0x00000000      0x17d MCAL/WatchDog.o
 .debug_str     0x00000000      0x2a9 MCAL/WatchDog.o
 .comment       0x00000000       0x31 MCAL/WatchDog.o
 .debug_frame   0x00000000       0x34 MCAL/WatchDog.o
 .text          0x00000000        0x0 Settings/DELAY.o
 .data          0x00000000        0x0 Settings/DELAY.o
 .bss           0x00000000        0x0 Settings/DELAY.o
 .text.delay_micro
                0x00000000       0x44 Settings/DELAY.o
 .text.delay_mili
                0x00000000       0x30 Settings/DELAY.o
 .debug_info    0x00000000      0x15e Settings/DELAY.o
 .debug_abbrev  0x00000000       0x9b Settings/DELAY.o
 .debug_loc     0x00000000       0x6e Settings/DELAY.o
 .debug_aranges
                0x00000000       0x28 Settings/DELAY.o
 .debug_ranges  0x00000000       0x18 Settings/DELAY.o
 .debug_line    0x00000000       0xcc Settings/DELAY.o
 .debug_str     0x00000000      0x1d3 Settings/DELAY.o
 .comment       0x00000000       0x31 Settings/DELAY.o
 .debug_frame   0x00000000       0x34 Settings/DELAY.o
 .text          0x00000000        0x0 c:/program files (x86)/atmel/studio/7.0/toolchain/avr8/avr8-gnu-toolchain/bin/../lib/gcc/avr/5.4.0/../../../../avr/lib/avr5\libm.a(addsf3.o)
 .data          0x00000000        0x0 c:/program files (x86)/atmel/studio/7.0/toolchain/avr8/avr8-gnu-toolchain/bin/../lib/gcc/avr/5.4.0/../../../../avr/lib/avr5\libm.a(addsf3.o)
 .bss           0x00000000        0x0 c:/program files (x86)/atmel/studio/7.0/toolchain/avr8/avr8-gnu-toolchain/bin/../lib/gcc/avr/5.4.0/../../../../avr/lib/avr5\libm.a(addsf3.o)
 .text.avr-libc.fplib
                0x00000000        0xe c:/program files (x86)/atmel/studio/7.0/toolchain/avr8/avr8-gnu-toolchain/bin/../lib/gcc/avr/5.4.0/../../../../avr/lib/avr5\libm.a(addsf3.o)
 .text          0x00000000        0x0 c:/program files (x86)/atmel/studio/7.0/toolchain/avr8/avr8-gnu-toolchain/bin/../lib/gcc/avr/5.4.0/../../../../avr/lib/avr5\libm.a(addsf3x.o)
 .data          0x00000000        0x0 c:/program files (x86)/atmel/studio/7.0/toolchain/avr8/avr8-gnu-toolchain/bin/../lib/gcc/avr/5.4.0/../../../../avr/lib/avr5\libm.a(addsf3x.o)
 .bss           0x00000000        0x0 c:/program files (x86)/atmel/studio/7.0/toolchain/avr8/avr8-gnu-toolchain/bin/../lib/gcc/avr/5.4.0/../../../../avr/lib/avr5\libm.a(addsf3x.o)
 .text.avr-libc.fplib
                0x00000000       0xcc c:/program files (x86)/atmel/studio/7.0/toolchain/avr8/avr8-gnu-toolchain/bin/../lib/gcc/avr/5.4.0/../../../../avr/lib/avr5\libm.a(addsf3x.o)
 .text          0x00000000        0x0 c:/program files (x86)/atmel/studio/7.0/toolchain/avr8/avr8-gnu-toolchain/bin/../lib/gcc/avr/5.4.0/../../../../avr/lib/avr5\libm.a(divsf3.o)
 .data          0x00000000        0x0 c:/program files (x86)/atmel/studio/7.0/toolchain/avr8/avr8-gnu-toolchain/bin/../lib/gcc/avr/5.4.0/../../../../avr/lib/avr5\libm.a(divsf3.o)
 .bss           0x00000000        0x0 c:/program files (x86)/atmel/studio/7.0/toolchain/avr8/avr8-gnu-toolchain/bin/../lib/gcc/avr/5.4.0/../../../../avr/lib/avr5\libm.a(divsf3.o)
 .text          0x00000000        0x0 c:/program files (x86)/atmel/studio/7.0/toolchain/avr8/avr8-gnu-toolchain/bin/../lib/gcc/avr/5.4.0/../../../../avr/lib/avr5\libm.a(divsf3x.o)
 .data          0x00000000        0x0 c:/program files (x86)/atmel/studio/7.0/toolchain/avr8/avr8-gnu-toolchain/bin/../lib/gcc/avr/5.4.0/../../../../avr/lib/avr5\libm.a(divsf3x.o)
 .bss           0x00000000        0x0 c:/program files (x86)/atmel/studio/7.0/toolchain/avr8/avr8-gnu-toolchain/bin/../lib/gcc/avr/5.4.0/../../../../avr/lib/avr5\libm.a(divsf3x.o)
 .text          0x00000000        0x0 c:/program files (x86)/atmel/studio/7.0/toolchain/avr8/avr8-gnu-toolchain/bin/../lib/gcc/avr/5.4.0/../../../../avr/lib/avr5\libm.a(fixunssfsi.o)
 .data          0x00000000        0x0 c:/program files (x86)/atmel/studio/7.0/toolchain/avr8/avr8-gnu-toolchain/bin/../lib/gcc/avr/5.4.0/../../../../avr/lib/avr5\libm.a(fixunssfsi.o)
 .bss           0x00000000        0x0 c:/program files (x86)/atmel/studio/7.0/toolchain/avr8/avr8-gnu-toolchain/bin/../lib/gcc/avr/5.4.0/../../../../avr/lib/avr5\libm.a(fixunssfsi.o)
 .text          0x00000000        0x0 c:/program files (x86)/atmel/studio/7.0/toolchain/avr8/avr8-gnu-toolchain/bin/../lib/gcc/avr/5.4.0/../../../../avr/lib/avr5\libm.a(floatsisf.o)
 .data          0x00000000        0x0 c:/program files (x86)/atmel/studio/7.0/toolchain/avr8/avr8-gnu-toolchain/bin/../lib/gcc/avr/5.4.0/../../../../avr/lib/avr5\libm.a(floatsisf.o)
 .bss           0x00000000        0x0 c:/program files (x86)/atmel/studio/7.0/toolchain/avr8/avr8-gnu-toolchain/bin/../lib/gcc/avr/5.4.0/../../../../avr/lib/avr5\libm.a(floatsisf.o)
 .text          0x00000000        0x0 c:/program files (x86)/atmel/studio/7.0/toolchain/avr8/avr8-gnu-toolchain/bin/../lib/gcc/avr/5.4.0/../../../../avr/lib/avr5\libm.a(fp_inf.o)
 .data          0x00000000        0x0 c:/program files (x86)/atmel/studio/7.0/toolchain/avr8/avr8-gnu-toolchain/bin/../lib/gcc/avr/5.4.0/../../../../avr/lib/avr5\libm.a(fp_inf.o)
 .bss           0x00000000        0x0 c:/program files (x86)/atmel/studio/7.0/toolchain/avr8/avr8-gnu-toolchain/bin/../lib/gcc/avr/5.4.0/../../../../avr/lib/avr5\libm.a(fp_inf.o)
 .text          0x00000000        0x0 c:/program files (x86)/atmel/studio/7.0/toolchain/avr8/avr8-gnu-toolchain/bin/../lib/gcc/avr/5.4.0/../../../../avr/lib/avr5\libm.a(fp_nan.o)
 .data          0x00000000        0x0 c:/program files (x86)/atmel/studio/7.0/toolchain/avr8/avr8-gnu-toolchain/bin/../lib/gcc/avr/5.4.0/../../../../avr/lib/avr5\libm.a(fp_nan.o)
 .bss           0x00000000        0x0 c:/program files (x86)/atmel/studio/7.0/toolchain/avr8/avr8-gnu-toolchain/bin/../lib/gcc/avr/5.4.0/../../../../avr/lib/avr5\libm.a(fp_nan.o)
 .text          0x00000000        0x0 c:/program files (x86)/atmel/studio/7.0/toolchain/avr8/avr8-gnu-toolchain/bin/../lib/gcc/avr/5.4.0/../../../../avr/lib/avr5\libm.a(fp_pscA.o)
 .data          0x00000000        0x0 c:/program files (x86)/atmel/studio/7.0/toolchain/avr8/avr8-gnu-toolchain/bin/../lib/gcc/avr/5.4.0/../../../../avr/lib/avr5\libm.a(fp_pscA.o)
 .bss           0x00000000        0x0 c:/program files (x86)/atmel/studio/7.0/toolchain/avr8/avr8-gnu-toolchain/bin/../lib/gcc/avr/5.4.0/../../../../avr/lib/avr5\libm.a(fp_pscA.o)
 .text          0x00000000        0x0 c:/program files (x86)/atmel/studio/7.0/toolchain/avr8/avr8-gnu-toolchain/bin/../lib/gcc/avr/5.4.0/../../../../avr/lib/avr5\libm.a(fp_pscB.o)
 .data          0x00000000        0x0 c:/program files (x86)/atmel/studio/7.0/toolchain/avr8/avr8-gnu-toolchain/bin/../lib/gcc/avr/5.4.0/../../../../avr/lib/avr5\libm.a(fp_pscB.o)
 .bss           0x00000000        0x0 c:/program files (x86)/atmel/studio/7.0/toolchain/avr8/avr8-gnu-toolchain/bin/../lib/gcc/avr/5.4.0/../../../../avr/lib/avr5\libm.a(fp_pscB.o)
 .text          0x00000000        0x0 c:/program files (x86)/atmel/studio/7.0/toolchain/avr8/avr8-gnu-toolchain/bin/../lib/gcc/avr/5.4.0/../../../../avr/lib/avr5\libm.a(fp_round.o)
 .data          0x00000000        0x0 c:/program files (x86)/atmel/studio/7.0/toolchain/avr8/avr8-gnu-toolchain/bin/../lib/gcc/avr/5.4.0/../../../../avr/lib/avr5\libm.a(fp_round.o)
 .bss           0x00000000        0x0 c:/program files (x86)/atmel/studio/7.0/toolchain/avr8/avr8-gnu-toolchain/bin/../lib/gcc/avr/5.4.0/../../../../avr/lib/avr5\libm.a(fp_round.o)
 .text          0x00000000        0x0 c:/program files (x86)/atmel/studio/7.0/toolchain/avr8/avr8-gnu-toolchain/bin/../lib/gcc/avr/5.4.0/../../../../avr/lib/avr5\libm.a(fp_split3.o)
 .data          0x00000000        0x0 c:/program files (x86)/atmel/studio/7.0/toolchain/avr8/avr8-gnu-toolchain/bin/../lib/gcc/avr/5.4.0/../../../../avr/lib/avr5\libm.a(fp_split3.o)
 .bss           0x00000000        0x0 c:/program files (x86)/atmel/studio/7.0/toolchain/avr8/avr8-gnu-toolchain/bin/../lib/gcc/avr/5.4.0/../../../../avr/lib/avr5\libm.a(fp_split3.o)
 .text          0x00000000        0x0 c:/program files (x86)/atmel/studio/7.0/toolchain/avr8/avr8-gnu-toolchain/bin/../lib/gcc/avr/5.4.0/../../../../avr/lib/avr5\libm.a(fp_zero.o)
 .data          0x00000000        0x0 c:/program files (x86)/atmel/studio/7.0/toolchain/avr8/avr8-gnu-toolchain/bin/../lib/gcc/avr/5.4.0/../../../../avr/lib/avr5\libm.a(fp_zero.o)
 .bss           0x00000000        0x0 c:/program files (x86)/atmel/studio/7.0/toolchain/avr8/avr8-gnu-toolchain/bin/../lib/gcc/avr/5.4.0/../../../../avr/lib/avr5\libm.a(fp_zero.o)
 .text          0x00000000        0x0 c:/program files (x86)/atmel/studio/7.0/toolchain/avr8/avr8-gnu-toolchain/bin/../lib/gcc/avr/5.4.0/../../../../avr/lib/avr5\libm.a(mulsf3.o)
 .data          0x00000000        0x0 c:/program files (x86)/atmel/studio/7.0/toolchain/avr8/avr8-gnu-toolchain/bin/../lib/gcc/avr/5.4.0/../../../../avr/lib/avr5\libm.a(mulsf3.o)
 .bss           0x00000000        0x0 c:/program files (x86)/atmel/studio/7.0/toolchain/avr8/avr8-gnu-toolchain/bin/../lib/gcc/avr/5.4.0/../../../../avr/lib/avr5\libm.a(mulsf3.o)
 .text          0x00000000        0x0 c:/program files (x86)/atmel/studio/7.0/toolchain/avr8/avr8-gnu-toolchain/bin/../lib/gcc/avr/5.4.0/../../../../avr/lib/avr5\libm.a(mulsf3x.o)
 .data          0x00000000        0x0 c:/program files (x86)/atmel/studio/7.0/toolchain/avr8/avr8-gnu-toolchain/bin/../lib/gcc/avr/5.4.0/../../../../avr/lib/avr5\libm.a(mulsf3x.o)
 .bss           0x00000000        0x0 c:/program files (x86)/atmel/studio/7.0/toolchain/avr8/avr8-gnu-toolchain/bin/../lib/gcc/avr/5.4.0/../../../../avr/lib/avr5\libm.a(mulsf3x.o)
 .text          0x00000000        0x0 c:/program files (x86)/atmel/studio/7.0/toolchain/avr8/avr8-gnu-toolchain/bin/../lib/gcc/avr/5.4.0/avr5\libgcc.a(_udivmodsi4.o)
 .data          0x00000000        0x0 c:/program files (x86)/atmel/studio/7.0/toolchain/avr8/avr8-gnu-toolchain/bin/../lib/gcc/avr/5.4.0/avr5\libgcc.a(_udivmodsi4.o)
 .bss           0x00000000        0x0 c:/program files (x86)/atmel/studio/7.0/toolchain/avr8/avr8-gnu-toolchain/bin/../lib/gcc/avr/5.4.0/avr5\libgcc.a(_udivmodsi4.o)
 .text.libgcc.mul
                0x00000000        0x0 c:/program files (x86)/atmel/studio/7.0/toolchain/avr8/avr8-gnu-toolchain/bin/../lib/gcc/avr/5.4.0/avr5\libgcc.a(_udivmodsi4.o)
 .text.libgcc   0x00000000        0x0 c:/program files (x86)/atmel/studio/7.0/toolchain/avr8/avr8-gnu-toolchain/bin/../lib/gcc/avr/5.4.0/avr5\libgcc.a(_udivmodsi4.o)
 .text.libgcc.prologue
                0x00000000        0x0 c:/program files (x86)/atmel/studio/7.0/toolchain/avr8/avr8-gnu-toolchain/bin/../lib/gcc/avr/5.4.0/avr5\libgcc.a(_udivmodsi4.o)
 .text.libgcc.builtins
                0x00000000        0x0 c:/program files (x86)/atmel/studio/7.0/toolchain/avr8/avr8-gnu-toolchain/bin/../lib/gcc/avr/5.4.0/avr5\libgcc.a(_udivmodsi4.o)
 .text.libgcc.fmul
                0x00000000        0x0 c:/program files (x86)/atmel/studio/7.0/toolchain/avr8/avr8-gnu-toolchain/bin/../lib/gcc/avr/5.4.0/avr5\libgcc.a(_udivmodsi4.o)
 .text.libgcc.fixed
                0x00000000        0x0 c:/program files (x86)/atmel/studio/7.0/toolchain/avr8/avr8-gnu-toolchain/bin/../lib/gcc/avr/5.4.0/avr5\libgcc.a(_udivmodsi4.o)
 .text          0x00000000        0x0 c:/program files (x86)/atmel/studio/7.0/toolchain/avr8/avr8-gnu-toolchain/bin/../lib/gcc/avr/5.4.0/avr5\libgcc.a(_exit.o)
 .data          0x00000000        0x0 c:/program files (x86)/atmel/studio/7.0/toolchain/avr8/avr8-gnu-toolchain/bin/../lib/gcc/avr/5.4.0/avr5\libgcc.a(_exit.o)
 .bss           0x00000000        0x0 c:/program files (x86)/atmel/studio/7.0/toolchain/avr8/avr8-gnu-toolchain/bin/../lib/gcc/avr/5.4.0/avr5\libgcc.a(_exit.o)
 .text.libgcc.mul
                0x00000000        0x0 c:/program files (x86)/atmel/studio/7.0/toolchain/avr8/avr8-gnu-toolchain/bin/../lib/gcc/avr/5.4.0/avr5\libgcc.a(_exit.o)
 .text.libgcc.div
                0x00000000        0x0 c:/program files (x86)/atmel/studio/7.0/toolchain/avr8/avr8-gnu-toolchain/bin/../lib/gcc/avr/5.4.0/avr5\libgcc.a(_exit.o)
 .text.libgcc   0x00000000        0x0 c:/program files (x86)/atmel/studio/7.0/toolchain/avr8/avr8-gnu-toolchain/bin/../lib/gcc/avr/5.4.0/avr5\libgcc.a(_exit.o)
 .text.libgcc.prologue
                0x00000000        0x0 c:/program files (x86)/atmel/studio/7.0/toolchain/avr8/avr8-gnu-toolchain/bin/../lib/gcc/avr/5.4.0/avr5\libgcc.a(_exit.o)
 .text.libgcc.builtins
                0x00000000        0x0 c:/program files (x86)/atmel/studio/7.0/toolchain/avr8/avr8-gnu-toolchain/bin/../lib/gcc/avr/5.4.0/avr5\libgcc.a(_exit.o)
 .text.libgcc.fmul
                0x00000000        0x0 c:/program files (x86)/atmel/studio/7.0/toolchain/avr8/avr8-gnu-toolchain/bin/../lib/gcc/avr/5.4.0/avr5\libgcc.a(_exit.o)
 .text.libgcc.fixed
                0x00000000        0x0 c:/program files (x86)/atmel/studio/7.0/toolchain/avr8/avr8-gnu-toolchain/bin/../lib/gcc/avr/5.4.0/avr5\libgcc.a(_exit.o)
 .text          0x00000000        0x0 c:/program files (x86)/atmel/studio/7.0/toolchain/avr8/avr8-gnu-toolchain/bin/../lib/gcc/avr/5.4.0/avr5\libgcc.a(_copy_data.o)
 .data          0x00000000        0x0 c:/program files (x86)/atmel/studio/7.0/toolchain/avr8/avr8-gnu-toolchain/bin/../lib/gcc/avr/5.4.0/avr5\libgcc.a(_copy_data.o)
 .bss           0x00000000        0x0 c:/program files (x86)/atmel/studio/7.0/toolchain/avr8/avr8-gnu-toolchain/bin/../lib/gcc/avr/5.4.0/avr5\libgcc.a(_copy_data.o)
 .text.libgcc.mul
                0x00000000        0x0 c:/program files (x86)/atmel/studio/7.0/toolchain/avr8/avr8-gnu-toolchain/bin/../lib/gcc/avr/5.4.0/avr5\libgcc.a(_copy_data.o)
 .text.libgcc.div
                0x00000000        0x0 c:/program files (x86)/atmel/studio/7.0/toolchain/avr8/avr8-gnu-toolchain/bin/../lib/gcc/avr/5.4.0/avr5\libgcc.a(_copy_data.o)
 .text.libgcc   0x00000000        0x0 c:/program files (x86)/atmel/studio/7.0/toolchain/avr8/avr8-gnu-toolchain/bin/../lib/gcc/avr/5.4.0/avr5\libgcc.a(_copy_data.o)
 .text.libgcc.prologue
                0x00000000        0x0 c:/program files (x86)/atmel/studio/7.0/toolchain/avr8/avr8-gnu-toolchain/bin/../lib/gcc/avr/5.4.0/avr5\libgcc.a(_copy_data.o)
 .text.libgcc.builtins
                0x00000000        0x0 c:/program files (x86)/atmel/studio/7.0/toolchain/avr8/avr8-gnu-toolchain/bin/../lib/gcc/avr/5.4.0/avr5\libgcc.a(_copy_data.o)
 .text.libgcc.fmul
                0x00000000        0x0 c:/program files (x86)/atmel/studio/7.0/toolchain/avr8/avr8-gnu-toolchain/bin/../lib/gcc/avr/5.4.0/avr5\libgcc.a(_copy_data.o)
 .text.libgcc.fixed
                0x00000000        0x0 c:/program files (x86)/atmel/studio/7.0/toolchain/avr8/avr8-gnu-toolchain/bin/../lib/gcc/avr/5.4.0/avr5\libgcc.a(_copy_data.o)
 .text          0x00000000        0x0 c:/program files (x86)/atmel/studio/7.0/toolchain/avr8/avr8-gnu-toolchain/bin/../lib/gcc/avr/5.4.0/avr5\libgcc.a(_clear_bss.o)
 .data          0x00000000        0x0 c:/program files (x86)/atmel/studio/7.0/toolchain/avr8/avr8-gnu-toolchain/bin/../lib/gcc/avr/5.4.0/avr5\libgcc.a(_clear_bss.o)
 .bss           0x00000000        0x0 c:/program files (x86)/atmel/studio/7.0/toolchain/avr8/avr8-gnu-toolchain/bin/../lib/gcc/avr/5.4.0/avr5\libgcc.a(_clear_bss.o)
 .text.libgcc.mul
                0x00000000        0x0 c:/program files (x86)/atmel/studio/7.0/toolchain/avr8/avr8-gnu-toolchain/bin/../lib/gcc/avr/5.4.0/avr5\libgcc.a(_clear_bss.o)
 .text.libgcc.div
                0x00000000        0x0 c:/program files (x86)/atmel/studio/7.0/toolchain/avr8/avr8-gnu-toolchain/bin/../lib/gcc/avr/5.4.0/avr5\libgcc.a(_clear_bss.o)
 .text.libgcc   0x00000000        0x0 c:/program files (x86)/atmel/studio/7.0/toolchain/avr8/avr8-gnu-toolchain/bin/../lib/gcc/avr/5.4.0/avr5\libgcc.a(_clear_bss.o)
 .text.libgcc.prologue
                0x00000000        0x0 c:/program files (x86)/atmel/studio/7.0/toolchain/avr8/avr8-gnu-toolchain/bin/../lib/gcc/avr/5.4.0/avr5\libgcc.a(_clear_bss.o)
 .text.libgcc.builtins
                0x00000000        0x0 c:/program files (x86)/atmel/studio/7.0/toolchain/avr8/avr8-gnu-toolchain/bin/../lib/gcc/avr/5.4.0/avr5\libgcc.a(_clear_bss.o)
 .text.libgcc.fmul
                0x00000000        0x0 c:/program files (x86)/atmel/studio/7.0/toolchain/avr8/avr8-gnu-toolchain/bin/../lib/gcc/avr/5.4.0/avr5\libgcc.a(_clear_bss.o)
 .text.libgcc.fixed
                0x00000000        0x0 c:/program files (x86)/atmel/studio/7.0/toolchain/avr8/avr8-gnu-toolchain/bin/../lib/gcc/avr/5.4.0/avr5\libgcc.a(_clear_bss.o)
 .text          0x00000000        0x0 c:/program files (x86)/atmel/studio/7.0/toolchain/avr8/avr8-gnu-toolchain/bin/../lib/gcc/avr/5.4.0/avr5\libgcc.a(_muluhisi3.o)
 .data          0x00000000        0x0 c:/program files (x86)/atmel/studio/7.0/toolchain/avr8/avr8-gnu-toolchain/bin/../lib/gcc/avr/5.4.0/avr5\libgcc.a(_muluhisi3.o)
 .bss           0x00000000        0x0 c:/program files (x86)/atmel/studio/7.0/toolchain/avr8/avr8-gnu-toolchain/bin/../lib/gcc/avr/5.4.0/avr5\libgcc.a(_muluhisi3.o)
 .text.libgcc.div
                0x00000000        0x0 c:/program files (x86)/atmel/studio/7.0/toolchain/avr8/avr8-gnu-toolchain/bin/../lib/gcc/avr/5.4.0/avr5\libgcc.a(_muluhisi3.o)
 .text.libgcc   0x00000000        0x0 c:/program files (x86)/atmel/studio/7.0/toolchain/avr8/avr8-gnu-toolchain/bin/../lib/gcc/avr/5.4.0/avr5\libgcc.a(_muluhisi3.o)
 .text.libgcc.prologue
                0x00000000        0x0 c:/program files (x86)/atmel/studio/7.0/toolchain/avr8/avr8-gnu-toolchain/bin/../lib/gcc/avr/5.4.0/avr5\libgcc.a(_muluhisi3.o)
 .text.libgcc.builtins
                0x00000000        0x0 c:/program files (x86)/atmel/studio/7.0/toolchain/avr8/avr8-gnu-toolchain/bin/../lib/gcc/avr/5.4.0/avr5\libgcc.a(_muluhisi3.o)
 .text.libgcc.fmul
                0x00000000        0x0 c:/program files (x86)/atmel/studio/7.0/toolchain/avr8/avr8-gnu-toolchain/bin/../lib/gcc/avr/5.4.0/avr5\libgcc.a(_muluhisi3.o)
 .text.libgcc.fixed
                0x00000000        0x0 c:/program files (x86)/atmel/studio/7.0/toolchain/avr8/avr8-gnu-toolchain/bin/../lib/gcc/avr/5.4.0/avr5\libgcc.a(_muluhisi3.o)
 .text          0x00000000        0x0 c:/program files (x86)/atmel/studio/7.0/toolchain/avr8/avr8-gnu-toolchain/bin/../lib/gcc/avr/5.4.0/avr5\libgcc.a(_umulhisi3.o)
 .data          0x00000000        0x0 c:/program files (x86)/atmel/studio/7.0/toolchain/avr8/avr8-gnu-toolchain/bin/../lib/gcc/avr/5.4.0/avr5\libgcc.a(_umulhisi3.o)
 .bss           0x00000000        0x0 c:/program files (x86)/atmel/studio/7.0/toolchain/avr8/avr8-gnu-toolchain/bin/../lib/gcc/avr/5.4.0/avr5\libgcc.a(_umulhisi3.o)
 .text.libgcc.div
                0x00000000        0x0 c:/program files (x86)/atmel/studio/7.0/toolchain/avr8/avr8-gnu-toolchain/bin/../lib/gcc/avr/5.4.0/avr5\libgcc.a(_umulhisi3.o)
 .text.libgcc   0x00000000        0x0 c:/program files (x86)/atmel/studio/7.0/toolchain/avr8/avr8-gnu-toolchain/bin/../lib/gcc/avr/5.4.0/avr5\libgcc.a(_umulhisi3.o)
 .text.libgcc.prologue
                0x00000000        0x0 c:/program files (x86)/atmel/studio/7.0/toolchain/avr8/avr8-gnu-toolchain/bin/../lib/gcc/avr/5.4.0/avr5\libgcc.a(_umulhisi3.o)
 .text.libgcc.builtins
                0x00000000        0x0 c:/program files (x86)/atmel/studio/7.0/toolchain/avr8/avr8-gnu-toolchain/bin/../lib/gcc/avr/5.4.0/avr5\libgcc.a(_umulhisi3.o)
 .text.libgcc.fmul
                0x00000000        0x0 c:/program files (x86)/atmel/studio/7.0/toolchain/avr8/avr8-gnu-toolchain/bin/../lib/gcc/avr/5.4.0/avr5\libgcc.a(_umulhisi3.o)
 .text.libgcc.fixed
                0x00000000        0x0 c:/program files (x86)/atmel/studio/7.0/toolchain/avr8/avr8-gnu-toolchain/bin/../lib/gcc/avr/5.4.0/avr5\libgcc.a(_umulhisi3.o)
 .text          0x00000000        0x0 c:/program files (x86)/atmel/studio/7.0/toolchain/avr8/avr8-gnu-toolchain/bin/../lib/gcc/avr/5.4.0/../../../../avr/lib/avr5\libc.a(ltoa.o)
 .data          0x00000000        0x0 c:/program files (x86)/atmel/studio/7.0/toolchain/avr8/avr8-gnu-toolchain/bin/../lib/gcc/avr/5.4.0/../../../../avr/lib/avr5\libc.a(ltoa.o)
 .bss           0x00000000        0x0 c:/program files (x86)/atmel/studio/7.0/toolchain/avr8/avr8-gnu-toolchain/bin/../lib/gcc/avr/5.4.0/../../../../avr/lib/avr5\libc.a(ltoa.o)
 .text          0x00000000        0x0 c:/program files (x86)/atmel/studio/7.0/toolchain/avr8/avr8-gnu-toolchain/bin/../lib/gcc/avr/5.4.0/../../../../avr/lib/avr5\libc.a(ltoa_ncheck.o)
 .data          0x00000000        0x0 c:/program files (x86)/atmel/studio/7.0/toolchain/avr8/avr8-gnu-toolchain/bin/../lib/gcc/avr/5.4.0/../../../../avr/lib/avr5\libc.a(ltoa_ncheck.o)
 .bss           0x00000000        0x0 c:/program files (x86)/atmel/studio/7.0/toolchain/avr8/avr8-gnu-toolchain/bin/../lib/gcc/avr/5.4.0/../../../../avr/lib/avr5\libc.a(ltoa_ncheck.o)
 .text          0x00000000        0x0 c:/program files (x86)/atmel/studio/7.0/toolchain/avr8/avr8-gnu-toolchain/bin/../lib/gcc/avr/5.4.0/../../../../avr/lib/avr5\libc.a(ultoa_ncheck.o)
 .data          0x00000000        0x0 c:/program files (x86)/atmel/studio/7.0/toolchain/avr8/avr8-gnu-toolchain/bin/../lib/gcc/avr/5.4.0/../../../../avr/lib/avr5\libc.a(ultoa_ncheck.o)
 .bss           0x00000000        0x0 c:/program files (x86)/atmel/studio/7.0/toolchain/avr8/avr8-gnu-toolchain/bin/../lib/gcc/avr/5.4.0/../../../../avr/lib/avr5\libc.a(ultoa_ncheck.o)
 .text          0x00000000        0x0 c:/program files (x86)/atmel/studio/7.0/toolchain/avr8/avr8-gnu-toolchain/bin/../lib/gcc/avr/5.4.0/../../../../avr/lib/avr5\libc.a(strrev.o)
 .data          0x00000000        0x0 c:/program files (x86)/atmel/studio/7.0/toolchain/avr8/avr8-gnu-toolchain/bin/../lib/gcc/avr/5.4.0/../../../../avr/lib/avr5\libc.a(strrev.o)
 .bss           0x00000000        0x0 c:/program files (x86)/atmel/studio/7.0/toolchain/avr8/avr8-gnu-toolchain/bin/../lib/gcc/avr/5.4.0/../../../../avr/lib/avr5\libc.a(strrev.o)

Memory Configuration

Name             Origin             Length             Attributes
text             0x00000000         0x00008000         xr
data             0x00800060         0x00000800         rw !x
eeprom           0x00810000         0x00000400         rw !x
fuse             0x00820000         0x00000002         rw !x
lock             0x00830000         0x00000400         rw !x
signature        0x00840000         0x00000400         rw !x
user_signatures  0x00850000         0x00000400         rw !x
*default*        0x00000000         0xffffffff

Linker script and memory map

LOAD C:/Program Files (x86)/Atmel/Studio/7.0/Packs/atmel/ATmega_DFP/1.6.364/gcc/dev/atmega32/avr5/crtatmega32.o
LOAD APP/main.o
LOAD ECUAL/DS1307.o
LOAD ECUAL/24LC256.o
LOAD ECUAL/KEYPAD.o
LOAD ECUAL/LCD.o
LOAD ECUAL/LCD_I2C.o
LOAD ECUAL/LM35.o
LOAD ECUAL/SERVO.o
LOAD ECUAL/SEVEN_SEG.o
LOAD ECUAL/ULTRA_SONIC.o
LOAD ECUAL/WIFI_MODEULE.o
LOAD MCAL/ADC.o
LOAD MCAL/EEPROM.o
LOAD MCAL/GPIO.o
LOAD MCAL/I2C.o
LOAD MCAL/INTERRUPT.o
LOAD MCAL/SPI.o
LOAD MCAL/Timer.o
LOAD MCAL/UART.o
LOAD MCAL/UART_CONFIG.o
LOAD MCAL/WatchDog.o
LOAD Settings/DELAY.o
START GROUP
LOAD c:/program files (x86)/atmel/studio/7.0/toolchain/avr8/avr8-gnu-toolchain/bin/../lib/gcc/avr/5.4.0/../../../../avr/lib/avr5\libm.a
END GROUP
START GROUP
LOAD c:/program files (x86)/atmel/studio/7.0/toolchain/avr8/avr8-gnu-toolchain/bin/../lib/gcc/avr/5.4.0/avr5\libgcc.a
LOAD c:/program files (x86)/atmel/studio/7.0/toolchain/avr8/avr8-gnu-toolchain/bin/../lib/gcc/avr/5.4.0/../../../../avr/lib/avr5\libm.a
LOAD c:/program files (x86)/atmel/studio/7.0/toolchain/avr8/avr8-gnu-toolchain/bin/../lib/gcc/avr/5.4.0/../../../../avr/lib/avr5\libc.a
LOAD C:/Program Files (x86)/Atmel/Studio/7.0/Packs/atmel/ATmega_DFP/1.6.364/gcc/dev/atmega32/avr5\libatmega32.a
END GROUP
                0x00000000                __TEXT_REGION_ORIGIN__ = DEFINED (__TEXT_REGION_ORIGIN__)?__TEXT_REGION_ORIGIN__:0x0
                [0x00800060]                __DATA_REGION_ORIGIN__ = DEFINED (__DATA_REGION_ORIGIN__)?__DATA_REGION_ORIGIN__:0x800060
                [0x00008000]                __TEXT_REGION_LENGTH__ = DEFINED (__TEXT_REGION_LENGTH__)?__TEXT_REGION_LENGTH__:0x20000
                [0x00000800]                __DATA_REGION_LENGTH__ = DEFINED (__DATA_REGION_LENGTH__)?__DATA_REGION_LENGTH__:0xffa0
                [0x00000400]                __EEPROM_REGION_LENGTH__ = DEFINED (__EEPROM_REGION_LENGTH__)?__EEPROM_REGION_LENGTH__:0x10000
                [0x00000002]                __FUSE_REGION_LENGTH__ = DEFINED (__FUSE_REGION_LENGTH__)?__FUSE_REGION_LENGTH__:0x400
                0x00000400                __LOCK_REGION_LENGTH__ = DEFINED (__LOCK_REGION_LENGTH__)?__LOCK_REGION_LENGTH__:0x400
                0x00000400                __SIGNATURE_REGION_LENGTH__ = DEFINED (__SIGNATURE_REGION_LENGTH__)?__SIGNATURE_REGION_LENGTH__:0x400
                0x00000400                __USER_SIGNATURE_REGION_LENGTH__ = DEFINED (__USER_SIGNATURE_REGION_LENGTH__)?__USER_SIGNATURE_REGION_LENGTH__:0x400

.hash
 *(.hash)

.dynsym
 *(.dynsym)

.dynstr
 *(.dynstr)

.gnu.version
 *(.gnu.version)

.gnu.version_d
 *(.gnu.version_d)

.gnu.version_r
 *(.gnu.version_r)

.rel.init
 *(.rel.init)

.rela.init
 *(.rela.init)

.rel.text
 *(.rel.text)
 *(.rel.text.*)
 *(.rel.gnu.linkonce.t*)

.rela.text
 *(.rela.text)
 *(.rela.text.*)
 *(.rela.gnu.linkonce.t*)

.rel.fini
 *(.rel.fini)

.rela.fini
 *(.rela.fini)

.rel.rodata
 *(.rel.rodata)
 *(.rel.rodata.*)
 *(.rel.gnu.linkonce.r*)

.rela.rodata
 *(.rela.rodata)
 *(.rela.rodata.*)
 *(.rela.gnu.linkonce.r*)

.rel.data
 *(.rel.data)
 *(.rel.data.*)
 *(.rel.gnu.linkonce.d*)

.rela.data
 *(.rela.data)
 *(.rela.data.*)
 *(.rela.gnu.linkonce.d*)

.rel.ctors
 *(.rel.ctors)

.rela.ctors
 *(.rela.ctors)

.rel.dtors
 *(.rel.dtors)

.rela.dtors
 *(.rela.dtors)

.rel.got
 *(.rel.got)

.rela.got
 *(.rela.got)

.rel.bss
 *(.rel.bss)

.rela.bss
 *(.rela.bss)

.rel.plt
 *(.rel.plt)

.rela.plt
 *(.rela.plt)

.text           0x00000000      0xcfc
 *(.vectors)
 .vectors       0x00000000       0x54 C:/Program Files (x86)/Atmel/Studio/7.0/Packs/atmel/ATmega_DFP/1.6.364/gcc/dev/atmega32/avr5/crtatmega32.o
                0x00000000                __vectors
 *(.vectors)
 *(.progmem.gcc*)
                0x00000054                . = ALIGN (0x2)
                0x00000054                __trampolines_start = .
 *(.trampolines)
 .trampolines   0x00000054        0x0 linker stubs
 *(.trampolines*)
                0x00000054                __trampolines_end = .
 *libprintf_flt.a:*(.progmem.data)
 *libc.a:*(.progmem.data)
 *(.progmem*)
                0x00000054                . = ALIGN (0x2)
 *(.jumptables)
 *(.jumptables*)
 *(.lowtext)
 *(.lowtext*)
                0x00000054                __ctors_start = .
 *(.ctors)
                0x00000054                __ctors_end = .
                0x00000054                __dtors_start = .
 *(.dtors)
                0x00000054                __dtors_end = .
 SORT(*)(.ctors)
 SORT(*)(.dtors)
 *(.init0)
 .init0         0x00000054        0x0 C:/Program Files (x86)/Atmel/Studio/7.0/Packs/atmel/ATmega_DFP/1.6.364/gcc/dev/atmega32/avr5/crtatmega32.o
                0x00000054                __init
 *(.init0)
 *(.init1)
 *(.init1)
 *(.init2)
 .init2         0x00000054        0xc C:/Program Files (x86)/Atmel/Studio/7.0/Packs/atmel/ATmega_DFP/1.6.364/gcc/dev/atmega32/avr5/crtatmega32.o
 *(.init2)
 *(.init3)
 *(.init3)
 *(.init4)
 .init4         0x00000060       0x16 c:/program files (x86)/atmel/studio/7.0/toolchain/avr8/avr8-gnu-toolchain/bin/../lib/gcc/avr/5.4.0/avr5\libgcc.a(_copy_data.o)
                0x00000060                __do_copy_data
 .init4         0x00000076       0x10 c:/program files (x86)/atmel/studio/7.0/toolchain/avr8/avr8-gnu-toolchain/bin/../lib/gcc/avr/5.4.0/avr5\libgcc.a(_clear_bss.o)
                0x00000076                __do_clear_bss
 *(.init4)
 *(.init5)
 *(.init5)
 *(.init6)
 *(.init6)
 *(.init7)
 *(.init7)
 *(.init8)
 *(.init8)
 *(.init9)
 .init9         0x00000086        0x8 C:/Program Files (x86)/Atmel/Studio/7.0/Packs/atmel/ATmega_DFP/1.6.364/gcc/dev/atmega32/avr5/crtatmega32.o
 *(.init9)
 *(.text)
 .text          0x0000008e        0x4 C:/Program Files (x86)/Atmel/Studio/7.0/Packs/atmel/ATmega_DFP/1.6.364/gcc/dev/atmega32/avr5/crtatmega32.o
                0x0000008e                __bad_interrupt
                0x0000008e                __vector_17
                0x0000008e                __vector_7
                0x0000008e                __vector_5
                0x0000008e                __vector_4
                0x0000008e                __vector_15
                0x0000008e                __vector_14
                0x0000008e                __vector_18
                0x0000008e                __vector_20
                0x00000092                . = ALIGN (0x2)
 *(.text.*)
 .text.main     0x00000092       0x98 APP/main.o
                0x00000092                main
 .text.LCD_SEND_INSTRUCTION
                0x0000012a       0x92 ECUAL/LCD.o
                0x0000012a                LCD_SEND_INSTRUCTION
 .text.LCD_init
                0x000001bc       0x32 ECUAL/LCD.o
                0x000001bc                LCD_init
 .text.LCD_SEND_DATA
                0x000001ee       0x9e ECUAL/LCD.o
                0x000001ee                LCD_SEND_DATA
 .text.LCD_SEND_STRING
                0x0000028c       0x26 ECUAL/LCD.o
                0x0000028c                LCD_SEND_STRING
 .text.LCD_SEND_INT
                0x000002b2       0x3c ECUAL/LCD.o
                0x000002b2                LCD_SEND_INT
 .text.LCD_CLEAR
                0x000002ee        0x8 ECUAL/LCD.o
                0x000002ee                LCD_CLEAR
 .text.LM35_Conversion
                0x000002f6       0x22 ECUAL/LM35.o
                0x000002f6                LM35_Conversion
 .text.__vector_9
                0x00000318       0x72 ECUAL/ULTRA_SONIC.o
                0x00000318                __vector_9
 .text.__vector_6
                0x0000038a       0xf2 ECUAL/ULTRA_SONIC.o
                0x0000038a                __vector_6
 .text.__vector_16
                0x0000047c       0x78 MCAL/ADC.o
                0x0000047c                __vector_16
 .text.I2C_STOP
                0x000004f4       0x14 MCAL/I2C.o
                0x000004f4                I2C_STOP
 .text.I2C_WRITE
                0x00000508       0x16 MCAL/I2C.o
                0x00000508                I2C_WRITE
 .text.__vector_19
                0x0000051e       0x7a MCAL/I2C.o
                0x0000051e                __vector_19
 .text.__vector_3
                0x00000598       0x5c MCAL/INTERRUPT.o
                0x00000598                __vector_3
 .text.__vector_2
                0x000005f4       0x84 MCAL/INTERRUPT.o
                0x000005f4                __vector_2
 .text.__vector_1
                0x00000678       0x24 MCAL/INTERRUPT.o
                0x00000678                __vector_1
 .text.__vector_default
                0x0000069c       0x24 MCAL/INTERRUPT.o
                0x0000069c                __vector_default
 .text.__vector_12
                0x000006c0       0x14 MCAL/SPI.o
                0x000006c0                __vector_12
 .text.__vector_11
                0x000006d4       0x1e MCAL/Timer.o
                0x000006d4                __vector_11
 .text.__vector_10
                0x000006f2       0x14 MCAL/Timer.o
                0x000006f2                __vector_10
 .text.__vector_8
                0x00000706       0x14 MCAL/Timer.o
                0x00000706                __vector_8
 .text.INPUT_CAPTURE_CONFIG
                0x0000071a        0xe MCAL/Timer.o
                0x0000071a                INPUT_CAPTURE_CONFIG
 .text.__vector_13
                0x00000728       0x70 MCAL/UART.o
                0x00000728                __vector_13
 .text.UART_ENABLE
                0x00000798       0x1e MCAL/UART.o
                0x00000798                UART_ENABLE
 .text.UART_init
                0x000007b6       0xc0 MCAL/UART.o
                0x000007b6                UART_init
 .text.UART_TRANSMIT
                0x00000876       0x10 MCAL/UART.o
                0x00000876                UART_TRANSMIT
 .text.UART_TRANSMIT_STRING
                0x00000886       0x2a MCAL/UART_CONFIG.o
                0x00000886                UART_TRANSMIT_STRING
 .text.avr-libc.fplib
                0x000008b0        0x8 c:/program files (x86)/atmel/studio/7.0/toolchain/avr8/avr8-gnu-toolchain/bin/../lib/gcc/avr/5.4.0/../../../../avr/lib/avr5\libm.a(divsf3.o)
                0x000008b0                __divsf3
 .text.avr-libc.fplib
                0x000008b8       0xdc c:/program files (x86)/atmel/studio/7.0/toolchain/avr8/avr8-gnu-toolchain/bin/../lib/gcc/avr/5.4.0/../../../../avr/lib/avr5\libm.a(divsf3x.o)
                0x000008d8                __divsf3x
                0x000008de                __divsf3_pse
 .text.avr-libc.fplib
                0x00000994       0x5e c:/program files (x86)/atmel/studio/7.0/toolchain/avr8/avr8-gnu-toolchain/bin/../lib/gcc/avr/5.4.0/../../../../avr/lib/avr5\libm.a(fixunssfsi.o)
                0x00000994                __fixunssfsi
 .text.avr-libc.fplib
                0x000009f2       0x7a c:/program files (x86)/atmel/studio/7.0/toolchain/avr8/avr8-gnu-toolchain/bin/../lib/gcc/avr/5.4.0/../../../../avr/lib/avr5\libm.a(floatsisf.o)
                0x000009f2                __floatunsisf
                0x000009f6                __floatsisf
 .text.avr-libc.fplib
                0x00000a6c        0xc c:/program files (x86)/atmel/studio/7.0/toolchain/avr8/avr8-gnu-toolchain/bin/../lib/gcc/avr/5.4.0/../../../../avr/lib/avr5\libm.a(fp_inf.o)
                0x00000a6c                __fp_inf
 .text.avr-libc.fplib
                0x00000a78        0x6 c:/program files (x86)/atmel/studio/7.0/toolchain/avr8/avr8-gnu-toolchain/bin/../lib/gcc/avr/5.4.0/../../../../avr/lib/avr5\libm.a(fp_nan.o)
                0x00000a78                __fp_nan
 .text.avr-libc.fplib
                0x00000a7e        0xe c:/program files (x86)/atmel/studio/7.0/toolchain/avr8/avr8-gnu-toolchain/bin/../lib/gcc/avr/5.4.0/../../../../avr/lib/avr5\libm.a(fp_pscA.o)
                0x00000a7e                __fp_pscA
 .text.avr-libc.fplib
                0x00000a8c        0xe c:/program files (x86)/atmel/studio/7.0/toolchain/avr8/avr8-gnu-toolchain/bin/../lib/gcc/avr/5.4.0/../../../../avr/lib/avr5\libm.a(fp_pscB.o)
                0x00000a8c                __fp_pscB
 .text.avr-libc.fplib
                0x00000a9a       0x22 c:/program files (x86)/atmel/studio/7.0/toolchain/avr8/avr8-gnu-toolchain/bin/../lib/gcc/avr/5.4.0/../../../../avr/lib/avr5\libm.a(fp_round.o)
                0x00000a9a                __fp_round
 .text.avr-libc.fplib
                0x00000abc       0x44 c:/program files (x86)/atmel/studio/7.0/toolchain/avr8/avr8-gnu-toolchain/bin/../lib/gcc/avr/5.4.0/../../../../avr/lib/avr5\libm.a(fp_split3.o)
                0x00000abc                __fp_split3
                0x00000acc                __fp_splitA
 .text.avr-libc.fplib
                0x00000b00        0xe c:/program files (x86)/atmel/studio/7.0/toolchain/avr8/avr8-gnu-toolchain/bin/../lib/gcc/avr/5.4.0/../../../../avr/lib/avr5\libm.a(fp_zero.o)
                0x00000b00                __fp_zero
                0x00000b02                __fp_szero
 .text.avr-libc.fplib
                0x00000b0e        0x8 c:/program files (x86)/atmel/studio/7.0/toolchain/avr8/avr8-gnu-toolchain/bin/../lib/gcc/avr/5.4.0/../../../../avr/lib/avr5\libm.a(mulsf3.o)
                0x00000b0e                __mulsf3
 .text.avr-libc.fplib
                0x00000b16       0xd2 c:/program files (x86)/atmel/studio/7.0/toolchain/avr8/avr8-gnu-toolchain/bin/../lib/gcc/avr/5.4.0/../../../../avr/lib/avr5\libm.a(mulsf3x.o)
                0x00000b34                __mulsf3x
                0x00000b3a                __mulsf3_pse
 .text.libgcc.div
                0x00000be8       0x44 c:/program files (x86)/atmel/studio/7.0/toolchain/avr8/avr8-gnu-toolchain/bin/../lib/gcc/avr/5.4.0/avr5\libgcc.a(_udivmodsi4.o)
                0x00000be8                __udivmodsi4
 .text.libgcc.mul
                0x00000c2c       0x16 c:/program files (x86)/atmel/studio/7.0/toolchain/avr8/avr8-gnu-toolchain/bin/../lib/gcc/avr/5.4.0/avr5\libgcc.a(_muluhisi3.o)
                0x00000c2c                __muluhisi3
 .text.libgcc.mul
                0x00000c42       0x1e c:/program files (x86)/atmel/studio/7.0/toolchain/avr8/avr8-gnu-toolchain/bin/../lib/gcc/avr/5.4.0/avr5\libgcc.a(_umulhisi3.o)
                0x00000c42                __umulhisi3
 .text.avr-libc
                0x00000c60       0x16 c:/program files (x86)/atmel/studio/7.0/toolchain/avr8/avr8-gnu-toolchain/bin/../lib/gcc/avr/5.4.0/../../../../avr/lib/avr5\libc.a(ltoa.o)
                0x00000c60                ltoa
                0x00000c60                __ltoa
 .text.avr-libc
                0x00000c76       0x1e c:/program files (x86)/atmel/studio/7.0/toolchain/avr8/avr8-gnu-toolchain/bin/../lib/gcc/avr/5.4.0/../../../../avr/lib/avr5\libc.a(ltoa_ncheck.o)
                0x00000c76                __ltoa_ncheck
 .text.avr-libc
                0x00000c94       0x44 c:/program files (x86)/atmel/studio/7.0/toolchain/avr8/avr8-gnu-toolchain/bin/../lib/gcc/avr/5.4.0/../../../../avr/lib/avr5\libc.a(ultoa_ncheck.o)
                0x00000c94                __ultoa_ncheck
                0x00000c96                __ultoa_common
 .text.avr-libc
                0x00000cd8       0x20 c:/program files (x86)/atmel/studio/7.0/toolchain/avr8/avr8-gnu-toolchain/bin/../lib/gcc/avr/5.4.0/../../../../avr/lib/avr5\libc.a(strrev.o)
                0x00000cd8                strrev
                0x00000cf8                . = ALIGN (0x2)
 *(.fini9)
 .fini9         0x00000cf8        0x0 c:/program files (x86)/atmel/studio/7.0/toolchain/avr8/avr8-gnu-toolchain/bin/../lib/gcc/avr/5.4.0/avr5\libgcc.a(_exit.o)
                0x00000cf8                _exit
                0x00000cf8                exit
 *(.fini9)
 *(.fini8)
 *(.fini8)
 *(.fini7)
 *(.fini7)
 *(.fini6)
 *(.fini6)
 *(.fini5)
 *(.fini5)
 *(.fini4)
 *(.fini4)
 *(.fini3)
 *(.fini3)
 *(.fini2)
 *(.fini2)
 *(.fini1)
 *(.fini1)
 *(.fini0)
 .fini0         0x00000cf8        0x4 c:/program files (x86)/atmel/studio/7.0/toolchain/avr8/avr8-gnu-toolchain/bin/../lib/gcc/avr/5.4.0/avr5\libgcc.a(_exit.o)
 *(.fini0)
                0x00000cfc                _etext = .

.data           0x00800060       0x9a load address 0x00000cfc
                0x00800060                PROVIDE (__data_start, .)
 *(.data)
 *(.data*)
 *(.gnu.linkonce.d*)
 *(.rodata)
 *(.rodata*)
 .rodata.str1.1
                0x00800060       0x9a APP/main.o
 *(.gnu.linkonce.r*)
                0x008000fa                . = ALIGN (0x2)
                0x008000fa                _edata = .
                0x008000fa                PROVIDE (__data_end, .)

.bss            0x008000fa       0x7b
                0x008000fa                PROVIDE (__bss_start, .)
 *(.bss)
 *(.bss*)
 .bss.flag      0x008000fa        0x2 MCAL/INTERRUPT.o
                0x008000fa                flag
 .bss.idx       0x008000fc        0x1 MCAL/UART.o
                0x008000fc                idx
 *(COMMON)
 COMMON         0x008000fd       0x14 ECUAL/ULTRA_SONIC.o
                0x008000fd                end
                0x00800101                ultra_flag
                0x00800105                ovf
                0x00800109                start
                0x0080010d                ret
 COMMON         0x00800111       0x64 MCAL/UART.o
                0x00800111                data
                0x00800175                PROVIDE (__bss_end, .)
                0x00000cfc                __data_load_start = LOADADDR (.data)
                0x00000d96                __data_load_end = (__data_load_start + SIZEOF (.data))

.noinit         0x00800175        0x0
                [!provide]                PROVIDE (__noinit_start, .)
 *(.noinit*)
                [!provide]                PROVIDE (__noinit_end, .)
                0x00800175                _end = .
                [!provide]                PROVIDE (__heap_start, .)

.eeprom         0x00810000        0x0
 *(.eeprom*)
                0x00810000                __eeprom_end = .

.fuse
 *(.fuse)
 *(.lfuse)
 *(.hfuse)
 *(.efuse)

.lock
 *(.lock*)

.signature
 *(.signature*)

.user_signatures
 *(.user_signatures*)

.stab
 *(.stab)

.stabstr
 *(.stabstr)

.stab.excl
 *(.stab.excl)

.stab.exclstr
 *(.stab.exclstr)

.stab.index
 *(.stab.index)

.stab.indexstr
 *(.stab.indexstr)

.comment        0x00000000       0x30
 *(.comment)
 .comment       0x00000000       0x30 APP/main.o
                                 0x31 (size before relaxing)
 .comment       0x00000030       0x31 ECUAL/LCD.o
 .comment       0x00000030       0x31 ECUAL/LM35.o
 .comment       0x00000030       0x31 ECUAL/ULTRA_SONIC.o
 .comment       0x00000030       0x31 MCAL/ADC.o
 .comment       0x00000030       0x31 MCAL/I2C.o
 .comment       0x00000030       0x31 MCAL/INTERRUPT.o
 .comment       0x00000030       0x31 MCAL/SPI.o
 .comment       0x00000030       0x31 MCAL/Timer.o
 .comment       0x00000030       0x31 MCAL/UART.o
 .comment       0x00000030       0x31 MCAL/UART_CONFIG.o

.note.gnu.avr.deviceinfo
                0x00000000       0x3c
 .note.gnu.avr.deviceinfo
                0x00000000       0x3c C:/Program Files (x86)/Atmel/Studio/7.0/Packs/atmel/ATmega_DFP/1.6.364/gcc/dev/atmega32/avr5/crtatmega32.o

.note.gnu.build-id
 *(.note.gnu.build-id)

.debug
 *(.debug)

.line
 *(.line)

.debug_srcinfo
 *(.debug_srcinfo)

.debug_sfnames
 *(.debug_sfnames)

.debug_aranges  0x00000000      0x340
 *(.debug_aranges)
 .debug_aranges
                0x00000000       0x20 APP/main.o
 .debug_aranges
                0x00000020       0x58 ECUAL/LCD.o
 .debug_aranges
                0x00000078       0x20 ECUAL/LM35.o
 .debug_aranges
                0x00000098       0x30 ECUAL/ULTRA_SONIC.o
 .debug_aranges
                0x000000c8       0x38 MCAL/ADC.o
 .debug_aranges
                0x00000100       0x60 MCAL/I2C.o
 .debug_aranges
                0x00000160       0x50 MCAL/INTERRUPT.o
 .debug_aranges
                0x000001b0       0x50 MCAL/SPI.o
 .debug_aranges
                0x00000200       0x78 MCAL/Timer.o
 .debug_aranges
                0x00000278       0x60 MCAL/UART.o
 .debug_aranges
                0x000002d8       0x68 MCAL/UART_CONFIG.o

.debug_pubnames
 *(.debug_pubnames)

.debug_info     0x00000000     0x3be3
 *(.debug_info .gnu.linkonce.wi.*)
 .debug_info    0x00000000      0x4e6 C:/Program Files (x86)/Atmel/Studio/7.0/Packs/atmel/ATmega_DFP/1.6.364/gcc/dev/atmega32/avr5/crtatmega32.o
 .debug_info    0x000004e6      0x40b APP/main.o
 .debug_info    0x000008f1      0x8a4 ECUAL/LCD.o
 .debug_info    0x00001195      0x114 ECUAL/LM35.o
 .debug_info    0x000012a9      0x476 ECUAL/ULTRA_SONIC.o
 .debug_info    0x0000171f      0x389 MCAL/ADC.o
 .debug_info    0x00001aa8      0x506 MCAL/I2C.o
 .debug_info    0x00001fae      0x42f MCAL/INTERRUPT.o
 .debug_info    0x000023dd      0x462 MCAL/SPI.o
 .debug_info    0x0000283f      0x644 MCAL/Timer.o
 .debug_info    0x00002e83      0x5a6 MCAL/UART.o
 .debug_info    0x00003429      0x7ba MCAL/UART_CONFIG.o

.debug_abbrev   0x00000000     0x16c3
 *(.debug_abbrev)
 .debug_abbrev  0x00000000      0x4a3 C:/Program Files (x86)/Atmel/Studio/7.0/Packs/atmel/ATmega_DFP/1.6.364/gcc/dev/atmega32/avr5/crtatmega32.o
 .debug_abbrev  0x000004a3      0x18c APP/main.o
 .debug_abbrev  0x0000062f      0x27e ECUAL/LCD.o
 .debug_abbrev  0x000008ad       0x94 ECUAL/LM35.o
 .debug_abbrev  0x00000941      0x1db ECUAL/ULTRA_SONIC.o
 .debug_abbrev  0x00000b1c      0x14a MCAL/ADC.o
 .debug_abbrev  0x00000c66      0x1e6 MCAL/I2C.o
 .debug_abbrev  0x00000e4c      0x1cc MCAL/INTERRUPT.o
 .debug_abbrev  0x00001018      0x1aa MCAL/SPI.o
 .debug_abbrev  0x000011c2      0x15e MCAL/Timer.o
 .debug_abbrev  0x00001320      0x1d8 MCAL/UART.o
 .debug_abbrev  0x000014f8      0x1cb MCAL/UART_CONFIG.o

.debug_line     0x00000000     0x192e
 *(.debug_line .debug_line.* .debug_line_end)
 .debug_line    0x00000000      0x116 C:/Program Files (x86)/Atmel/Studio/7.0/Packs/atmel/ATmega_DFP/1.6.364/gcc/dev/atmega32/avr5/crtatmega32.o
 .debug_line    0x00000116      0x1b8 APP/main.o
 .debug_line    0x000002ce      0x37f ECUAL/LCD.o
 .debug_line    0x0000064d       0x8c ECUAL/LM35.o
 .debug_line    0x000006d9      0x22c ECUAL/ULTRA_SONIC.o
 .debug_line    0x00000905      0x172 MCAL/ADC.o
 .debug_line    0x00000a77      0x28d MCAL/I2C.o
 .debug_line    0x00000d04      0x28b MCAL/INTERRUPT.o
 .debug_line    0x00000f8f      0x191 MCAL/SPI.o
 .debug_line    0x00001120      0x254 MCAL/Timer.o
 .debug_line    0x00001374      0x22c MCAL/UART.o
 .debug_line    0x000015a0      0x38e MCAL/UART_CONFIG.o

.debug_frame    0x00000000      0x8a4
 *(.debug_frame)
 .debug_frame   0x00000000       0x24 APP/main.o
 .debug_frame   0x00000024       0xc4 ECUAL/LCD.o
 .debug_frame   0x000000e8       0x24 ECUAL/LM35.o
 .debug_frame   0x0000010c       0xc0 ECUAL/ULTRA_SONIC.o
 .debug_frame   0x000001cc       0xb0 MCAL/ADC.o
 .debug_frame   0x0000027c      0x108 MCAL/I2C.o
 .debug_frame   0x00000384       0xdc MCAL/INTERRUPT.o
 .debug_frame   0x00000460       0xa0 MCAL/SPI.o
 .debug_frame   0x00000500      0x104 MCAL/Timer.o
 .debug_frame   0x00000604      0x11c MCAL/UART.o
 .debug_frame   0x00000720      0x184 MCAL/UART_CONFIG.o

.debug_str      0x00000000     0x138c
 *(.debug_str)
 .debug_str     0x00000000      0x196 C:/Program Files (x86)/Atmel/Studio/7.0/Packs/atmel/ATmega_DFP/1.6.364/gcc/dev/atmega32/avr5/crtatmega32.o
 .debug_str     0x00000196      0x298 APP/main.o
                                0x2f9 (size before relaxing)
 .debug_str     0x0000042e      0x123 ECUAL/LCD.o
                                0x323 (size before relaxing)
 .debug_str     0x00000551       0x2d ECUAL/LM35.o
                                0x1d5 (size before relaxing)
 .debug_str     0x0000057e      0x1fd ECUAL/ULTRA_SONIC.o
                                0x415 (size before relaxing)
 .debug_str     0x0000077b      0x1f1 MCAL/ADC.o
                                0x3d6 (size before relaxing)
 .debug_str     0x0000096c      0x1fc MCAL/I2C.o
                                0x3d4 (size before relaxing)
 .debug_str     0x00000b68      0x128 MCAL/INTERRUPT.o
                                0x349 (size before relaxing)
 .debug_str     0x00000c90      0x135 MCAL/SPI.o
                                0x304 (size before relaxing)
 .debug_str     0x00000dc5      0x38a MCAL/Timer.o
                                0x70f (size before relaxing)
 .debug_str     0x0000114f      0x142 MCAL/UART.o
                                0x3f1 (size before relaxing)
 .debug_str     0x00001291       0xfb MCAL/UART_CONFIG.o
                                0x3e6 (size before relaxing)

.debug_loc      0x00000000     0x2197
 *(.debug_loc)
 .debug_loc     0x00000000       0xd8 APP/main.o
 .debug_loc     0x000000d8      0x604 ECUAL/LCD.o
 .debug_loc     0x000006dc       0x76 ECUAL/LM35.o
 .debug_loc     0x00000752      0x1bd ECUAL/ULTRA_SONIC.o
 .debug_loc     0x0000090f      0x2ca MCAL/ADC.o
 .debug_loc     0x00000bd9      0x379 MCAL/I2C.o
 .debug_loc     0x00000f52      0x256 MCAL/INTERRUPT.o
 .debug_loc     0x000011a8      0x15b MCAL/SPI.o
 .debug_loc     0x00001303      0x34f MCAL/Timer.o
 .debug_loc     0x00001652      0x491 MCAL/UART.o
 .debug_loc     0x00001ae3      0x6b4 MCAL/UART_CONFIG.o

.debug_macinfo
 *(.debug_macinfo)

.debug_weaknames
 *(.debug_weaknames)

.debug_funcnames
 *(.debug_funcnames)

.debug_typenames
 *(.debug_typenames)

.debug_varnames
 *(.debug_varnames)

.debug_pubtypes
 *(.debug_pubtypes)

.debug_ranges   0x00000000      0x2a8
 *(.debug_ranges)
 .debug_ranges  0x00000000       0x10 APP/main.o
 .debug_ranges  0x00000010       0x48 ECUAL/LCD.o
 .debug_ranges  0x00000058       0x10 ECUAL/LM35.o
 .debug_ranges  0x00000068       0x20 ECUAL/ULTRA_SONIC.o
 .debug_ranges  0x00000088       0x28 MCAL/ADC.o
 .debug_ranges  0x000000b0       0x50 MCAL/I2C.o
 .debug_ranges  0x00000100       0x40 MCAL/INTERRUPT.o
 .debug_ranges  0x00000140       0x40 MCAL/SPI.o
 .debug_ranges  0x00000180       0x68 MCAL/Timer.o
 .debug_ranges  0x000001e8       0x50 MCAL/UART.o
 .debug_ranges  0x00000238       0x70 MCAL/UART_CONFIG.o

.debug_macro
 *(.debug_macro)
OUTPUT(MyCode.elf elf32-avr)
LOAD linker stubs
